// Jest Snapshot v1, https://goo.gl/fbAQLP

exports[`renders correctly 1`] = `
"<div class=\\"baloon\\" contentEditable=\\"false\\">
        <p>
            used: a(n) verb that means Verb use in past tense.</p>
        <p>
            As in: He used my pen.</p>
    </div>"
`;
